# PanIsoGuard adjudicate provenance
tool_version	0.0.4
ruleset_version	builtin-0.0.2
sqanti3_version_target	6.0
config	<built-in defaults>
thresholds	sj_min_uniq_reads=3 sj_require_canonical_motif=true consensus_min_callers=2 max_perc_A_downstream_TTS=60 min_mapq=20 softclip_min_bp=20 junction_window_bp=10 max_low_mapq_frac=0.5 max_supplementary_frac=0.5 max_indel_near_frac=0.5 max_softclip_frac=1.01 pangenome_min_haplotypes=1
classification	data/classification.tsv
isoforms	data/caller.gtf
ref_gtf	data/reference.gtf
sj_tab	data/short_read.SJ.tab
bam	<none>
caller_support	<none>
axis.short_read	on
axis.catalog	on
axis.bam	not_evaluable
axis.variant	not_evaluable
axis.pangenome	not_evaluable
axis.consensus	not_evaluable
# confidence-class counts
class.ARTIFACT	1
class.HIGH_CONF_KNOWN	1
class.HIGH_CONF_NOVEL	1
total	3
